0 verbose cli C:\Program Files\nodejs\node.exe C:\Program Files\nodejs\node_modules\npm\bin\npm-cli.js
1 info using npm@11.13.0
2 info using node@v24.16.0
3 silly config load:file:C:\Program Files\nodejs\node_modules\npm\npmrc
4 silly config load:file:C:\Users\Owner\Documents\GitHub\MM-Website\.npmrc
5 silly config load:file:C:\Users\Owner\.npmrc
6 silly config load:file:C:\Users\Owner\AppData\Roaming\npm\etc\npmrc
7 verbose title npm install html2canvas-pro
8 verbose argv "install" "html2canvas-pro" "--cache" ".npm-cache"
9 verbose logfile logs-max:10 dir:C:\Users\Owner\Documents\GitHub\MM-Website\.npm-cache\_logs\2026-10-03T04_54_27_174Z-
10 verbose logfile C:\Users\Owner\Documents\GitHub\MM-Website\.npm-cache\_logs\2026-10-03T04_54_27_174Z-debug-0.log
11 silly logfile done cleaning log files
12 silly packumentCache heap:4496293888 maxSize:1124073472 maxEntrySize:562036736
13 silly idealTree buildDeps
14 silly fetch manifest html2canvas-pro@*
15 silly packumentCache full:https://registry.npmjs.org/html2canvas-pro cache-miss
16 http fetch GET 200 https://registry.npmjs.org/html2canvas-pro 361ms (cache miss)
17 silly packumentCache full:https://registry.npmjs.org/html2canvas-pro set size:undefined disposed:false
18 silly placeDep ROOT html2canvas-pro@2.5.0 OK for: the-maroon-website@0.1.0 want: *
19 silly fetch manifest css-line-break@^2.1.0
20 silly packumentCache full:https://registry.npmjs.org/css-line-break cache-miss
21 silly fetch manifest text-segmentation@^1.0.3
22 silly packumentCache full:https://registry.npmjs.org/text-segmentation cache-miss
23 http fetch GET 200 https://registry.npmjs.org/css-line-break 85ms (cache miss)
24 silly packumentCache full:https://registry.npmjs.org/css-line-break set size:undefined disposed:false
25 http fetch GET 200 https://registry.npmjs.org/npm 732ms
26 http fetch GET 200 https://registry.npmjs.org/text-segmentation 231ms (cache miss)
27 silly packumentCache full:https://registry.npmjs.org/text-segmentation set size:undefined disposed:false
28 silly placeDep ROOT css-line-break@2.1.0 OK for: html2canvas-pro@2.5.0 want: ^2.1.0
29 silly placeDep ROOT text-segmentation@1.0.3 OK for: html2canvas-pro@2.5.0 want: ^1.0.3
30 silly fetch manifest utrie@^1.0.2
31 silly packumentCache full:https://registry.npmjs.org/utrie cache-miss
32 silly fetch manifest utrie@^1.0.2
33 silly packumentCache full:https://registry.npmjs.org/utrie cache-miss
34 http fetch GET 200 https://registry.npmjs.org/utrie 58ms (cache miss)
35 silly packumentCache full:https://registry.npmjs.org/utrie set size:undefined disposed:false
36 http fetch GET 200 https://registry.npmjs.org/utrie 69ms (cache miss)
37 silly packumentCache full:https://registry.npmjs.org/utrie set size:undefined disposed:false
38 silly placeDep ROOT utrie@1.0.2 OK for: css-line-break@2.1.0 want: ^1.0.2
39 silly fetch manifest base64-arraybuffer@^1.0.2
40 silly packumentCache full:https://registry.npmjs.org/base64-arraybuffer cache-miss
41 http fetch GET 200 https://registry.npmjs.org/base64-arraybuffer 70ms (cache miss)
42 silly packumentCache full:https://registry.npmjs.org/base64-arraybuffer set size:undefined disposed:false
43 silly placeDep ROOT base64-arraybuffer@1.0.2 OK for: utrie@1.0.2 want: ^1.0.2
44 silly reify moves {}
45 silly audit bulk request {
45 silly audit   '@alloc/quick-lru': [ '5.2.0' ],
45 silly audit   '@aws-sdk/checksums': [ '3.1000.29' ],
45 silly audit   '@aws-sdk/client-s3': [ '3.1124.0' ],
45 silly audit   '@aws-sdk/core': [ '3.977.9' ],
45 silly audit   '@aws-sdk/credential-provider-env': [ '3.972.70' ],
45 silly audit   '@aws-sdk/credential-provider-http': [ '3.972.72' ],
45 silly audit   '@aws-sdk/credential-provider-ini': [ '3.973.15' ],
45 silly audit   '@aws-sdk/credential-provider-login': [ '3.972.77' ],
45 silly audit   '@aws-sdk/credential-provider-node': [ '3.972.82' ],
45 silly audit   '@aws-sdk/credential-provider-process': [ '3.972.70' ],
45 silly audit   '@aws-sdk/credential-provider-sso': [ '3.973.14' ],
45 silly audit   '@aws-sdk/credential-provider-web-identity': [ '3.972.76' ],
45 silly audit   '@aws-sdk/middleware-sdk-s3': [ '3.972.75' ],
45 silly audit   '@aws-sdk/nested-clients': [ '3.997.44' ],
45 silly audit   '@aws-sdk/s3-request-presigner': [ '3.1124.0' ],
45 silly audit   '@aws-sdk/signature-v4-multi-region': [ '3.996.46' ],
45 silly audit   '@aws-sdk/token-providers': [ '3.1116.0' ],
45 silly audit   '@aws-sdk/types': [ '3.974.5' ],
45 silly audit   '@aws-sdk/xml-builder': [ '3.972.40' ],
45 silly audit   '@aws/lambda-invoke-store': [ '0.3.0' ],
45 silly audit   '@babel/code-frame': [ '7.29.7' ],
45 silly audit   '@babel/compat-data': [ '7.29.7' ],
45 silly audit   '@babel/core': [ '7.29.7' ],
45 silly audit   '@babel/generator': [ '7.29.7' ],
45 silly audit   '@babel/helper-compilation-targets': [ '7.29.7' ],
45 silly audit   '@babel/helper-globals': [ '7.29.7' ],
45 silly audit   '@babel/helper-module-imports': [ '7.29.7' ],
45 silly audit   '@babel/helper-module-transforms': [ '7.29.7' ],
45 silly audit   '@babel/helper-string-parser': [ '7.29.7' ],
45 silly audit   '@babel/helper-validator-identifier': [ '7.29.7' ],
45 silly audit   '@babel/helper-validator-option': [ '7.29.7' ],
45 silly audit   '@babel/helpers': [ '7.29.7' ],
45 silly audit   '@babel/parser': [ '7.29.7' ],
45 silly audit   '@babel/template': [ '7.29.7' ],
45 silly audit   '@babel/traverse': [ '7.29.7' ],
45 silly audit   '@babel/types': [ '7.29.7' ],
45 silly audit   '@capacitor/core': [ '8.5.2' ],
45 silly audit   '@capacitor/haptics': [ '8.0.2' ],
45 silly audit   '@ecies/ciphers': [ '0.2.6' ],
45 silly audit   '@electric-sql/pglite': [ '0.5.8' ],
45 silly audit   '@emnapi/core': [ '1.10.0' ],
45 silly audit   '@emnapi/runtime': [ '1.11.3', '1.10.0' ],
45 silly audit   '@emnapi/wasi-threads': [ '1.2.1' ],
45 silly audit   '@esbuild/aix-ppc64': [ '0.28.1' ],
45 silly audit   '@esbuild/android-arm': [ '0.28.1' ],
45 silly audit   '@esbuild/android-arm64': [ '0.28.1' ],
45 silly audit   '@esbuild/android-x64': [ '0.28.1' ],
45 silly audit   '@esbuild/darwin-arm64': [ '0.28.1' ],
45 silly audit   '@esbuild/darwin-x64': [ '0.28.1' ],
45 silly audit   '@esbuild/freebsd-arm64': [ '0.28.1' ],
45 silly audit   '@esbuild/freebsd-x64': [ '0.28.1' ],
45 silly audit   '@esbuild/linux-arm': [ '0.28.1' ],
45 silly audit   '@esbuild/linux-arm64': [ '0.28.1' ],
45 silly audit   '@esbuild/linux-ia32': [ '0.28.1' ],
45 silly audit   '@esbuild/linux-loong64': [ '0.28.1' ],
45 silly audit   '@esbuild/linux-mips64el': [ '0.28.1' ],
45 silly audit   '@esbuild/linux-ppc64': [ '0.28.1' ],
45 silly audit   '@esbuild/linux-riscv64': [ '0.28.1' ],
45 silly audit   '@esbuild/linux-s390x': [ '0.28.1' ],
45 silly audit   '@esbuild/linux-x64': [ '0.28.1' ],
45 silly audit   '@esbuild/netbsd-arm64': [ '0.28.1' ],
45 silly audit   '@esbuild/netbsd-x64': [ '0.28.1' ],
45 silly audit   '@esbuild/openbsd-arm64': [ '0.28.1' ],
45 silly audit   '@esbuild/openbsd-x64': [ '0.28.1' ],
45 silly audit   '@esbuild/openharmony-arm64': [ '0.28.1' ],
45 silly audit   '@esbuild/sunos-x64': [ '0.28.1' ],
45 silly audit   '@esbuild/win32-arm64': [ '0.28.1' ],
45 silly audit   '@esbuild/win32-ia32': [ '0.28.1' ],
45 silly audit   '@esbuild/win32-x64': [ '0.28.1' ],
45 silly audit   '@eslint-community/eslint-utils': [ '4.9.1' ],
45 silly audit   'eslint-visitor-keys': [ '3.4.3', '5.0.1', '4.2.1' ],
45 silly audit   '@eslint-community/regexpp': [ '4.12.2' ],
45 silly audit   '@eslint/config-array': [ '0.21.2' ],
45 silly audit   '@eslint/config-helpers': [ '0.4.2' ],
45 silly audit   '@eslint/core': [ '0.17.0' ],
45 silly audit   '@eslint/eslintrc': [ '3.3.5' ],
45 silly audit   '@eslint/js': [ '9.39.4' ],
45 silly audit   '@eslint/object-schema': [ '2.1.7' ],
45 silly audit   '@eslint/plugin-kit': [ '0.4.1' ],
45 silly audit   '@humanfs/core': [ '0.19.2' ],
45 silly audit   '@humanfs/node': [ '0.16.8' ],
45 silly audit   '@humanfs/types': [ '0.15.0' ],
45 silly audit   '@humanwhocodes/module-importer': [ '1.0.1' ],
45 silly audit   '@humanwhocodes/retry': [ '0.4.3' ],
45 silly audit   '@img/colour': [ '1.1.0' ],
45 silly audit   '@img/sharp-darwin-arm64': [ '0.35.4' ],
45 silly audit   '@img/sharp-darwin-x64': [ '0.35.4' ],
45 silly audit   '@img/sharp-freebsd-wasm32': [ '0.35.4' ],
45 silly audit   '@img/sharp-libvips-darwin-arm64': [ '1.3.3' ],
45 silly audit   '@img/sharp-libvips-darwin-x64': [ '1.3.3' ],
45 silly audit   '@img/sharp-libvips-linux-arm': [ '1.3.3' ],
45 silly audit   '@img/sharp-libvips-linux-arm64': [ '1.3.3' ],
45 silly audit   '@img/sharp-libvips-linux-ppc64': [ '1.3.3' ],
45 silly audit   '@img/sharp-libvips-linux-riscv64': [ '1.3.3' ],
45 silly audit   '@img/sharp-libvips-linux-s390x': [ '1.3.3' ],
45 silly audit   '@img/sharp-libvips-linux-x64': [ '1.3.3' ],
45 silly audit   '@img/sharp-libvips-linuxmusl-arm64': [ '1.3.3' ],
45 silly audit   '@img/sharp-libvips-linuxmusl-x64': [ '1.3.3' ],
45 silly audit   '@img/sharp-linux-arm': [ '0.35.4' ],
45 silly audit   '@img/sharp-linux-arm64': [ '0.35.4' ],
45 silly audit   '@img/sharp-linux-ppc64': [ '0.35.4' ],
45 silly audit   '@img/sharp-linux-riscv64': [ '0.35.4' ],
45 silly audit   '@img/sharp-linux-s390x': [ '0.35.4' ],
45 silly audit   '@img/sharp-linux-x64': [ '0.35.4' ],
45 silly audit   '@img/sharp-linuxmusl-arm64': [ '0.35.4' ],
45 silly audit   '@img/sharp-linuxmusl-x64': [ '0.35.4' ],
45 silly audit   '@img/sharp-wasm32': [ '0.35.4' ],
45 silly audit   '@img/sharp-webcontainers-wasm32': [ '0.35.4' ],
45 silly audit   '@img/sharp-win32-arm64': [ '0.35.4' ],
45 silly audit   '@img/sharp-win32-ia32': [ '0.35.4' ],
45 silly audit   '@img/sharp-win32-x64': [ '0.35.4' ],
45 silly audit   '@jridgewell/gen-mapping': [ '0.3.13' ],
45 silly audit   '@jridgewell/remapping': [ '2.3.5' ],
45 silly audit   '@jridgewell/resolve-uri': [ '3.1.2' ],
45 silly audit   '@jridgewell/sourcemap-codec': [ '1.5.5' ],
45 silly audit   '@jridgewell/trace-mapping': [ '0.3.31' ],
45 silly audit   '@napi-rs/wasm-runtime': [ '1.1.6' ],
45 silly audit   '@next/env': [ '16.3.8' ],
45 silly audit   '@next/eslint-plugin-next': [ '16.3.8' ],
45 silly audit   '@next/swc-darwin-arm64': [ '16.3.8' ],
45 silly audit   '@next/swc-darwin-x64': [ '16.3.8' ],
45 silly audit   '@next/swc-linux-arm64-gnu': [ '16.3.8' ],
45 silly audit   '@next/swc-linux-arm64-musl': [ '16.3.8' ],
45 silly audit   '@next/swc-linux-x64-gnu': [ '16.3.8' ],
45 silly audit   '@next/swc-linux-x64-musl': [ '16.3.8' ],
45 silly audit   '@next/swc-win32-arm64-msvc': [ '16.3.8' ],
45 silly audit   '@next/swc-win32-x64-msvc': [ '16.3.8' ],
45 silly audit   '@noble/ciphers': [ '1.3.0' ],
45 silly audit   '@noble/curves': [ '1.9.7' ],
45 silly audit   '@noble/hashes': [ '1.8.0' ],
45 silly audit   '@nodelib/fs.scandir': [ '2.1.5' ],
45 silly audit   '@nodelib/fs.stat': [ '2.0.5' ],
45 silly audit   '@nodelib/fs.walk': [ '1.2.8' ],
45 silly audit   '@nolyfill/is-core-module': [ '1.0.39' ],
45 silly audit   '@rtsao/scc': [ '1.1.0' ],
45 silly audit   '@smithy/core': [ '3.33.3' ],
45 silly audit   '@smithy/credential-provider-imds': [ '4.5.2' ],
45 silly audit   '@smithy/fetch-http-handler': [ '5.7.2' ],
45 silly audit   '@smithy/node-http-handler': [ '4.12.0' ],
45 silly audit   '@smithy/signature-v4': [ '5.7.3' ],
45 silly audit   '@smithy/types': [ '4.17.2' ],
45 silly audit   '@supabase/auth-js': [ '2.112.0' ],
45 silly audit   '@supabase/cli-darwin-arm64': [ '2.119.0' ],
45 silly audit   '@supabase/cli-darwin-x64': [ '2.119.0' ],
45 silly audit   '@supabase/cli-linux-arm64': [ '2.119.0' ],
45 silly audit   '@supabase/cli-linux-arm64-musl': [ '2.119.0' ],
45 silly audit   '@supabase/cli-linux-x64': [ '2.119.0' ],
45 silly audit   '@supabase/cli-linux-x64-musl': [ '2.119.0' ],
45 silly audit   '@supabase/cli-windows-arm64': [ '2.119.0' ],
45 silly audit   '@supabase/cli-windows-x64': [ '2.119.0' ],
45 silly audit   '@supabase/functions-js': [ '2.112.0' ],
45 silly audit   '@supabase/phoenix': [ '0.4.5' ],
45 silly audit   '@supabase/postgrest-js': [ '2.112.0' ],
45 silly audit   '@supabase/realtime-js': [ '2.112.0' ],
45 silly audit   '@supabase/ssr': [ '0.12.4' ],
45 silly audit   '@supabase/storage-js': [ '2.112.0' ],
45 silly audit   '@supabase/supabase-js': [ '2.112.0' ],
45 silly audit   '@swc/helpers': [ '0.5.23' ],
45 silly audit   '@tailwindcss/node': [ '4.3.3' ],
45 silly audit   '@tailwindcss/oxide': [ '4.3.3' ],
45 silly audit   '@tailwindcss/oxide-android-arm64': [ '4.3.3' ],
45 silly audit   '@tailwindcss/oxide-darwin-arm64': [ '4.3.3' ],
45 silly audit   '@tailwindcss/oxide-darwin-x64': [ '4.3.3' ],
45 silly audit   '@tailwindcss/oxide-freebsd-x64': [ '4.3.3' ],
45 silly audit   '@tailwindcss/oxide-linux-arm-gnueabihf': [ '4.3.3' ],
45 silly audit   '@tailwindcss/oxide-linux-arm64-gnu': [ '4.3.3' ],
45 silly audit   '@tailwindcss/oxide-linux-arm64-musl': [ '4.3.3' ],
45 silly audit   '@tailwindcss/oxide-linux-x64-gnu': [ '4.3.3' ],
45 silly audit   '@tailwindcss/oxide-linux-x64-musl': [ '4.3.3' ],
45 silly audit   '@tailwindcss/oxide-wasm32-wasi': [ '4.3.3' ],
45 silly audit   '@tailwindcss/oxide-win32-arm64-msvc': [ '4.3.3' ],
45 silly audit   '@tailwindcss/oxide-win32-x64-msvc': [ '4.3.3' ],
45 silly audit   '@tailwindcss/postcss': [ '4.3.3' ],
45 silly audit   '@tybys/wasm-util': [ '0.10.3' ],
45 silly audit   '@types/estree': [ '1.0.9' ],
45 silly audit   '@types/json-schema': [ '7.0.15' ],
45 silly audit   '@types/json5': [ '0.0.29' ],
45 silly audit   '@types/node': [ '20.19.43' ],
45 silly audit   '@types/react': [ '19.2.17' ],
45 silly audit   '@types/react-dom': [ '19.2.3' ],
45 silly audit   '@typescript-eslint/eslint-plugin': [ '8.62.0' ],
45 silly audit   ignore: [ '7.0.5', '5.3.2' ],
45 silly audit   '@typescript-eslint/parser': [ '8.62.0' ],
45 silly audit   '@typescript-eslint/project-service': [ '8.62.0' ],
45 silly audit   '@typescript-eslint/scope-manager': [ '8.62.0' ],
45 silly audit   '@typescript-eslint/tsconfig-utils': [ '8.62.0' ],
45 silly audit   '@typescript-eslint/type-utils': [ '8.62.0' ],
45 silly audit   '@typescript-eslint/types': [ '8.62.0' ],
45 silly audit   '@typescript-eslint/typescript-estree': [ '8.62.0' ],
45 silly audit   'balanced-match': [ '4.0.4', '1.0.2' ],
45 silly audit   'brace-expansion': [ '5.0.12', '1.1.21' ],
45 silly audit   minimatch: [ '10.2.5', '3.1.5' ],
45 silly audit   semver: [ '7.8.5', '6.3.1' ],
45 silly audit   '@typescript-eslint/utils': [ '8.62.0' ],
45 silly audit   '@typescript-eslint/visitor-keys': [ '8.62.0' ],
45 silly audit   '@unrs/resolver-binding-android-arm-eabi': [ '1.12.2' ],
45 silly audit   '@unrs/resolver-binding-android-arm64': [ '1.12.2' ],
45 silly audit   '@unrs/resolver-binding-darwin-arm64': [ '1.12.2' ],
45 silly audit   '@unrs/resolver-binding-darwin-x64': [ '1.12.2' ],
45 silly audit   '@unrs/resolver-binding-freebsd-x64': [ '1.12.2' ],
45 silly audit   '@unrs/resolver-binding-linux-arm-gnueabihf': [ '1.12.2' ],
45 silly audit   '@unrs/resolver-binding-linux-arm-musleabihf': [ '1.12.2' ],
45 silly audit   '@unrs/resolver-binding-linux-arm64-gnu': [ '1.12.2' ],
45 silly audit   '@unrs/resolver-binding-linux-arm64-musl': [ '1.12.2' ],
45 silly audit   '@unrs/resolver-binding-linux-loong64-gnu': [ '1.12.2' ],
45 silly audit   '@unrs/resolver-binding-linux-loong64-musl': [ '1.12.2' ],
45 silly audit   '@unrs/resolver-binding-linux-ppc64-gnu': [ '1.12.2' ],
45 silly audit   '@unrs/resolver-binding-linux-riscv64-gnu': [ '1.12.2' ],
45 silly audit   '@unrs/resolver-binding-linux-riscv64-musl': [ '1.12.2' ],
45 silly audit   '@unrs/resolver-binding-linux-s390x-gnu': [ '1.12.2' ],
45 silly audit   '@unrs/resolver-binding-linux-x64-gnu': [ '1.12.2' ],
45 silly audit   '@unrs/resolver-binding-linux-x64-musl': [ '1.12.2' ],
45 silly audit   '@unrs/resolver-binding-openharmony-arm64': [ '1.12.2' ],
45 silly audit   '@unrs/resolver-binding-wasm32-wasi': [ '1.12.2' ],
45 silly audit   '@unrs/resolver-binding-win32-arm64-msvc': [ '1.12.2' ],
45 silly audit   '@unrs/resolver-binding-win32-ia32-msvc': [ '1.12.2' ],
45 silly audit   '@unrs/resolver-binding-win32-x64-msvc': [ '1.12.2' ],
45 silly audit   acorn: [ '8.17.0' ],
45 silly audit   'acorn-jsx': [ '5.3.2' ],
45 silly audit   ajv: [ '6.15.0' ],
45 silly audit   'ansi-styles': [ '4.3.0' ],
45 silly audit   argparse: [ '2.0.1' ],
45 silly audit   'aria-query': [ '5.3.2' ],
45 silly audit   'array-buffer-byte-length': [ '1.0.2' ],
45 silly audit   'array-includes': [ '3.1.9' ],
45 silly audit   'array.prototype.findlast': [ '1.2.5' ],
45 silly audit   'array.prototype.findlastindex': [ '1.2.6' ],
45 silly audit   'array.prototype.flat': [ '1.3.3' ],
45 silly audit   'array.prototype.flatmap': [ '1.3.3' ],
45 silly audit   'array.prototype.tosorted': [ '1.1.4' ],
45 silly audit   'arraybuffer.prototype.slice': [ '1.0.4' ],
45 silly audit   'ast-types-flow': [ '0.0.8' ],
45 silly audit   'async-function': [ '1.0.0' ],
45 silly audit   'available-typed-arrays': [ '1.0.7' ],
45 silly audit   'axe-core': [ '4.12.1' ],
45 silly audit   'axobject-query': [ '4.1.0' ],
45 silly audit   'baseline-browser-mapping': [ '2.11.25' ],
45 silly audit   bowser: [ '2.14.1' ],
45 silly audit   braces: [ '3.0.3' ],
45 silly audit   browserslist: [ '4.29.0' ],
45 silly audit   'call-bind': [ '1.0.9' ],
45 silly audit   'call-bind-apply-helpers': [ '1.0.2' ],
45 silly audit   'call-bound': [ '1.0.4' ],
45 silly audit   callsites: [ '3.1.0' ],
45 silly audit   'caniuse-lite': [ '1.0.30001810' ],
45 silly audit   chalk: [ '4.1.2' ],
45 silly audit   'client-only': [ '0.0.1' ],
45 silly audit   'color-convert': [ '2.0.1' ],
45 silly audit   'color-name': [ '1.1.4' ],
45 silly audit   'concat-map': [ '0.0.1' ],
45 silly audit   'convert-source-map': [ '2.0.0' ],
45 silly audit   cookie: [ '1.1.1' ],
45 silly audit   'cross-spawn': [ '7.0.6' ],
45 silly audit   csstype: [ '3.2.3' ],
45 silly audit   'damerau-levenshtein': [ '1.0.8' ],
45 silly audit   'data-view-buffer': [ '1.0.2' ],
45 silly audit   'data-view-byte-length': [ '1.0.2' ],
45 silly audit   'data-view-byte-offset': [ '1.0.1' ],
45 silly audit   debug: [ '4.4.3', '3.2.7' ],
45 silly audit   'deep-is': [ '0.1.4' ],
45 silly audit   'define-data-property': [ '1.1.4' ],
45 silly audit   'define-properties': [ '1.2.1' ],
45 silly audit   'detect-libc': [ '2.1.2' ],
45 silly audit   doctrine: [ '2.1.0' ],
45 silly audit   'dunder-proto': [ '1.0.1' ],
45 silly audit   eciesjs: [ '0.5.0' ],
45 silly audit   'electron-to-chromium': [ '1.5.430' ],
45 silly audit   'emoji-regex': [ '9.2.2' ],
45 silly audit   'enhanced-resolve': [ '5.25.1' ],
45 silly audit   'es-abstract': [ '1.24.2' ],
45 silly audit   'es-abstract-get': [ '1.0.0' ],
45 silly audit   'es-define-property': [ '1.0.1' ],
45 silly audit   'es-errors': [ '1.3.0' ],
45 silly audit   'es-iterator-helpers': [ '1.3.3' ],
45 silly audit   'es-object-atoms': [ '1.1.2' ],
45 silly audit   'es-set-tostringtag': [ '2.1.0' ],
45 silly audit   'es-shim-unscopables': [ '1.1.0' ],
45 silly audit   'es-to-primitive': [ '1.3.1' ],
45 silly audit   esbuild: [ '0.28.1' ],
45 silly audit   escalade: [ '3.2.0' ],
45 silly audit   'escape-string-regexp': [ '4.0.0' ],
45 silly audit   eslint: [ '9.39.4' ],
45 silly audit   'eslint-config-next': [ '16.3.8' ],
45 silly audit   globals: [ '16.4.0', '14.0.0' ],
45 silly audit   'eslint-import-resolver-node': [ '0.3.10' ],
45 silly audit   'eslint-import-resolver-typescript': [ '3.10.1' ],
45 silly audit   'eslint-module-utils': [ '2.13.0' ],
45 silly audit   'eslint-plugin-import': [ '2.32.0' ],
45 silly audit   'eslint-plugin-jsx-a11y': [ '6.10.2' ],
45 silly audit   'eslint-plugin-react': [ '7.37.5' ],
45 silly audit   'eslint-plugin-react-hooks': [ '7.1.1' ],
45 silly audit   'eslint-scope': [ '8.4.0' ],
45 silly audit   espree: [ '10.4.0' ],
45 silly audit   esquery: [ '1.7.0' ],
45 silly audit   esrecurse: [ '4.3.0' ],
45 silly audit   estraverse: [ '5.3.0' ],
45 silly audit   esutils: [ '2.0.3' ],
45 silly audit   'fast-deep-equal': [ '3.1.3' ],
45 silly audit   'fast-glob': [ '3.3.1' ],
45 silly audit   'glob-parent': [ '5.1.2', '6.0.2' ],
45 silly audit   'fast-json-stable-stringify': [ '2.1.0' ],
45 silly audit   'fast-levenshtein': [ '2.0.6' ],
45 silly audit   fastq: [ '1.20.3' ],
45 silly audit   'file-entry-cache': [ '8.0.0' ],
45 silly audit   'fill-range': [ '7.1.1' ],
45 silly audit   'find-up': [ '5.0.0' ],
45 silly audit   'flat-cache': [ '4.0.1' ],
45 silly audit   flatted: [ '3.4.2' ],
45 silly audit   'for-each': [ '0.3.5' ],
45 silly audit   'framer-motion': [ '14.0.0' ],
45 silly audit   fsevents: [ '2.3.2', '2.3.3' ],
45 silly audit   'function-bind': [ '1.1.2' ],
45 silly audit   'function.prototype.name': [ '1.2.0' ],
45 silly audit   'functions-have-names': [ '1.2.3' ],
45 silly audit   'generator-function': [ '2.0.1' ],
45 silly audit   gensync: [ '1.0.0-beta.2' ],
45 silly audit   'get-intrinsic': [ '1.3.0' ],
45 silly audit   'get-proto': [ '1.0.1' ],
45 silly audit   'get-symbol-description': [ '1.1.0' ],
45 silly audit   'get-tsconfig': [ '4.14.0' ],
45 silly audit   globalthis: [ '1.0.4' ],
45 silly audit   gopd: [ '1.2.0' ],
45 silly audit   'graceful-fs': [ '4.2.11' ],
45 silly audit   'has-bigints': [ '1.1.0' ],
45 silly audit   'has-flag': [ '4.0.0' ],
45 silly audit   'has-property-descriptors': [ '1.0.2' ],
45 silly audit   'has-proto': [ '1.2.0' ],
45 silly audit   'has-symbols': [ '1.1.0' ],
45 silly audit   'has-tostringtag': [ '1.0.2' ],
45 silly audit   hasown: [ '2.0.4' ],
45 silly audit   'hermes-estree': [ '0.25.1' ],
45 silly audit   'hermes-parser': [ '0.25.1' ],
45 silly audit   'iceberg-js': [ '0.8.1' ],
45 silly audit   'import-fresh': [ '3.3.1' ],
45 silly audit   imurmurhash: [ '0.1.4' ],
45 silly audit   'internal-slot': [ '1.1.0' ],
45 silly audit   'is-array-buffer': [ '3.0.5' ],
45 silly audit   'is-async-function': [ '2.1.1' ],
45 silly audit   'is-bigint': [ '1.1.0' ],
45 silly audit   'is-boolean-object': [ '1.2.2' ],
45 silly audit   'is-bun-module': [ '2.0.0' ],
45 silly audit   'is-callable': [ '1.2.7' ],
45 silly audit   'is-core-module': [ '2.16.2' ],
45 silly audit   'is-data-view': [ '1.0.2' ],
45 silly audit   'is-date-object': [ '1.1.0' ],
45 silly audit   'is-document.all': [ '1.0.0' ],
45 silly audit   'is-extglob': [ '2.1.1' ],
45 silly audit   'is-finalizationregistry': [ '1.1.1' ],
45 silly audit   'is-generator-function': [ '1.1.2' ],
45 silly audit   'is-glob': [ '4.0.3' ],
45 silly audit   'is-map': [ '2.0.3' ],
45 silly audit   'is-negative-zero': [ '2.0.3' ],
45 silly audit   'is-number': [ '7.0.0' ],
45 silly audit   'is-number-object': [ '1.1.1' ],
45 silly audit   'is-regex': [ '1.2.1' ],
45 silly audit   'is-set': [ '2.0.3' ],
45 silly audit   'is-shared-array-buffer': [ '1.0.4' ],
45 silly audit   'is-string': [ '1.1.1' ],
45 silly audit   'is-symbol': [ '1.1.1' ],
45 silly audit   'is-typed-array': [ '1.1.15' ],
45 silly audit   'is-weakmap': [ '2.0.2' ],
45 silly audit   'is-weakref': [ '1.1.1' ],
45 silly audit   'is-weakset': [ '2.0.4' ],
45 silly audit   isarray: [ '2.0.5' ],
45 silly audit   isexe: [ '2.0.0' ],
45 silly audit   'iterator.prototype': [ '1.1.5' ],
45 silly audit   jiti: [ '2.7.0' ],
45 silly audit   jose: [ '6.2.12' ],
45 silly audit   'js-tokens': [ '4.0.0' ],
45 silly audit   'js-yaml': [ '4.3.2' ],
45 silly audit   jsesc: [ '3.1.0' ],
45 silly audit   'json-buffer': [ '3.0.1' ],
45 silly audit   'json-schema-traverse': [ '0.4.1' ],
45 silly audit   'json-stable-stringify-without-jsonify': [ '1.0.1' ],
45 silly audit   json5: [ '2.2.3', '1.0.2' ],
45 silly audit   'jsx-ast-utils': [ '3.3.5' ],
45 silly audit   keyv: [ '4.5.4' ],
45 silly audit   'language-subtag-registry': [ '0.3.23' ],
45 silly audit   'language-tags': [ '1.0.9' ],
45 silly audit   levn: [ '0.4.1' ],
45 silly audit   lightningcss: [ '1.32.0' ],
45 silly audit   'lightningcss-android-arm64': [ '1.32.0' ],
45 silly audit   'lightningcss-darwin-arm64': [ '1.32.0' ],
45 silly audit   'lightningcss-darwin-x64': [ '1.32.0' ],
45 silly audit   'lightningcss-freebsd-x64': [ '1.32.0' ],
45 silly audit   'lightningcss-linux-arm-gnueabihf': [ '1.32.0' ],
45 silly audit   'lightningcss-linux-arm64-gnu': [ '1.32.0' ],
45 silly audit   'lightningcss-linux-arm64-musl': [ '1.32.0' ],
45 silly audit   'lightningcss-linux-x64-gnu': [ '1.32.0' ],
45 silly audit   'lightningcss-linux-x64-musl': [ '1.32.0' ],
45 silly audit   'lightningcss-win32-arm64-msvc': [ '1.32.0' ],
45 silly audit   'lightningcss-win32-x64-msvc': [ '1.32.0' ],
45 silly audit   'locate-path': [ '6.0.0' ],
45 silly audit   'lodash.merge': [ '4.6.2' ],
45 silly audit   'loose-envify': [ '1.4.0' ],
45 silly audit   'lru-cache': [ '5.1.1' ],
45 silly audit   'lucide-react': [ '1.21.0' ],
45 silly audit   'magic-string': [ '0.30.21' ],
45 silly audit   'math-intrinsics': [ '1.1.0' ],
45 silly audit   merge2: [ '1.4.1' ],
45 silly audit   micromatch: [ '4.0.8' ],
45 silly audit   minimist: [ '1.2.8' ],
45 silly audit   motion: [ '14.0.0' ],
45 silly audit   'motion-dom': [ '14.0.0' ],
45 silly audit   'motion-utils': [ '14.0.0' ],
45 silly audit   ms: [ '2.1.3' ],
45 silly audit   nanoid: [ '3.3.19' ],
45 silly audit   'napi-postinstall': [ '0.3.4' ],
45 silly audit   'natural-compare': [ '1.4.0' ],
45 silly audit   next: [ '16.3.8' ],
45 silly audit   postcss: [ '8.5.23', '8.5.28' ],
45 silly audit   'node-exports-info': [ '1.6.2' ],
45 silly audit   'node-releases': [ '2.0.56' ],
45 silly audit   'object-assign': [ '4.1.1' ],
45 silly audit   'object-inspect': [ '1.13.4' ],
45 silly audit   'object-keys': [ '1.1.1' ],
45 silly audit   'object.assign': [ '4.1.7' ],
45 silly audit   'object.entries': [ '1.1.9' ],
45 silly audit   'object.fromentries': [ '2.0.8' ],
45 silly audit   'object.groupby': [ '1.0.3' ],
45 silly audit   'object.values': [ '1.2.1' ],
45 silly audit   optionator: [ '0.9.4' ],
45 silly audit   'own-keys': [ '1.0.1' ],
45 silly audit   'p-limit': [ '3.1.0' ],
45 silly audit   'p-locate': [ '5.0.0' ],
45 silly audit   'parent-module': [ '1.0.1' ],
45 silly audit   'path-exists': [ '4.0.0' ],
45 silly audit   'path-key': [ '3.1.1' ],
45 silly audit   'path-parse': [ '1.0.7' ],
45 silly audit   picocolors: [ '1.1.1' ],
45 silly audit   picomatch: [ '2.3.2', '4.0.4' ],
45 silly audit   playwright: [ '1.61.1' ],
45 silly audit   'playwright-core': [ '1.61.1' ],
45 silly audit   'possible-typed-array-names': [ '1.1.0' ],
45 silly audit   'prelude-ls': [ '1.2.1' ],
45 silly audit   'prop-types': [ '15.8.1' ],
45 silly audit   punycode: [ '2.3.1' ],
45 silly audit   'queue-microtask': [ '1.2.3' ],
45 silly audit   react: [ '19.2.4' ],
45 silly audit   'react-dom': [ '19.2.4' ],
45 silly audit   'react-is': [ '16.13.1' ],
45 silly audit   'reflect.getprototypeof': [ '1.0.10' ],
45 silly audit   'regexp.prototype.flags': [ '1.5.4' ],
45 silly audit   resolve: [ '2.0.0-next.7' ],
45 silly audit   'resolve-from': [ '4.0.0' ],
45 silly audit   'resolve-pkg-maps': [ '1.0.0' ],
45 silly audit   reusify: [ '1.1.0' ],
45 silly audit   'run-parallel': [ '1.2.0' ],
45 silly audit   'safe-array-concat': [ '1.1.4' ],
45 silly audit   'safe-push-apply': [ '1.0.0' ],
45 silly audit   'safe-regex-test': [ '1.1.0' ],
45 silly audit   scheduler: [ '0.27.0' ],
45 silly audit   'set-function-length': [ '1.2.2' ],
45 silly audit   'set-function-name': [ '2.0.2' ],
45 silly audit   'set-proto': [ '1.0.0' ],
45 silly audit   sharp: [ '0.35.4' ],
45 silly audit   'shebang-command': [ '2.0.0' ],
45 silly audit   'shebang-regex': [ '3.0.0' ],
45 silly audit   'side-channel': [ '1.1.1' ],
45 silly audit   'side-channel-list': [ '1.0.1' ],
45 silly audit   'side-channel-map': [ '1.0.1' ],
45 silly audit   'side-channel-weakmap': [ '1.0.2' ],
45 silly audit   'source-map-js': [ '1.2.1' ],
45 silly audit   'stable-hash': [ '0.0.5' ],
45 silly audit   'stop-iteration-iterator': [ '1.1.0' ],
45 silly audit   'string.prototype.includes': [ '2.0.1' ],
45 silly audit   'string.prototype.matchall': [ '4.0.12' ],
45 silly audit   'string.prototype.repeat': [ '1.0.0' ],
45 silly audit   'string.prototype.trim': [ '1.2.11' ],
45 silly audit   'string.prototype.trimend': [ '1.0.10' ],
45 silly audit   'string.prototype.trimstart': [ '1.0.8' ],
45 silly audit   'strip-bom': [ '3.0.0' ],
45 silly audit   'strip-json-comments': [ '3.1.1' ],
45 silly audit   'styled-jsx': [ '5.1.6' ],
45 silly audit   supabase: [ '2.119.0' ],
45 silly audit   'supports-color': [ '7.2.0' ],
45 silly audit   'supports-preserve-symlinks-flag': [ '1.0.0' ],
45 silly audit   tailwindcss: [ '4.3.3' ],
45 silly audit   tapable: [ '2.3.3' ],
45 silly audit   tinyglobby: [ '0.2.17' ],
45 silly audit   fdir: [ '6.5.0' ],
45 silly audit   'to-regex-range': [ '5.0.1' ],
45 silly audit   'ts-api-utils': [ '2.5.0' ],
45 silly audit   'tsconfig-paths': [ '3.15.0' ],
45 silly audit   tslib: [ '2.8.1' ],
45 silly audit   tsx: [ '4.23.6' ],
45 silly audit   'type-check': [ '0.4.0' ],
45 silly audit   'typed-array-buffer': [ '1.0.3' ],
45 silly audit   'typed-array-byte-length': [ '1.0.3' ],
45 silly audit   'typed-array-byte-offset': [ '1.0.4' ],
45 silly audit   'typed-array-length': [ '1.0.8' ],
45 silly audit   typescript: [ '5.9.3' ],
45 silly audit   'typescript-eslint': [ '8.62.0' ],
45 silly audit   'unbox-primitive': [ '1.1.0' ],
45 silly audit   'undici-types': [ '6.21.0' ],
45 silly audit   'unrs-resolver': [ '1.12.2' ],
45 silly audit   'update-browserslist-db': [ '1.3.3' ],
45 silly audit   'uri-js': [ '4.4.1' ],
45 silly audit   which: [ '2.0.2' ],
45 silly audit   'which-boxed-primitive': [ '1.1.1' ],
45 silly audit   'which-builtin-type': [ '1.2.1' ],
45 silly audit   'which-collection': [ '1.0.2' ],
45 silly audit   'which-typed-array': [ '1.1.22' ],
45 silly audit   'word-wrap': [ '1.2.5' ],
45 silly audit   xlsx: [ '0.20.3' ],
45 silly audit   yallist: [ '3.1.1' ],
45 silly audit   'yocto-queue': [ '0.1.0' ],
45 silly audit   zod: [ '4.4.3' ],
45 silly audit   'zod-validation-error': [ '4.0.2' ],
45 silly audit   'html2canvas-pro': [ '2.5.0' ],
45 silly audit   'css-line-break': [ '2.1.0' ],
45 silly audit   'text-segmentation': [ '1.0.3' ],
45 silly audit   utrie: [ '1.0.2' ],
45 silly audit   'base64-arraybuffer': [ '1.0.2' ]
45 silly audit }
46 http cache base64-arraybuffer@https://registry.npmjs.org/base64-arraybuffer/-/base64-arraybuffer-1.0.2.tgz 1ms (cache hit)
47 http cache utrie@https://registry.npmjs.org/utrie/-/utrie-1.0.2.tgz 0ms (cache hit)
48 silly tarball no local data for base64-arraybuffer@https://registry.npmjs.org/base64-arraybuffer/-/base64-arraybuffer-1.0.2.tgz. Extracting by manifest.
49 silly tarball no local data for utrie@https://registry.npmjs.org/utrie/-/utrie-1.0.2.tgz. Extracting by manifest.
50 http cache text-segmentation@https://registry.npmjs.org/text-segmentation/-/text-segmentation-1.0.3.tgz 0ms (cache hit)
51 http cache css-line-break@https://registry.npmjs.org/css-line-break/-/css-line-break-2.1.0.tgz 0ms (cache hit)
52 http cache html2canvas-pro@https://registry.npmjs.org/html2canvas-pro/-/html2canvas-pro-2.5.0.tgz 0ms (cache hit)
53 silly tarball no local data for text-segmentation@https://registry.npmjs.org/text-segmentation/-/text-segmentation-1.0.3.tgz. Extracting by manifest.
54 silly tarball no local data for css-line-break@https://registry.npmjs.org/css-line-break/-/css-line-break-2.1.0.tgz. Extracting by manifest.
55 silly tarball no local data for html2canvas-pro@https://registry.npmjs.org/html2canvas-pro/-/html2canvas-pro-2.5.0.tgz. Extracting by manifest.
56 http fetch POST 200 https://registry.npmjs.org/-/npm/v1/security/advisories/bulk 168ms
57 silly audit report {
57 silly audit report   braces: [
57 silly audit report     {
57 silly audit report       id: 1240992,
57 silly audit report       url: 'https://github.com/advisories/GHSA-vfj7-8cjw-p6xm',
57 silly audit report       title: 'braces vulnerable to stack-exhaustion denial of service through deeply nested patterns',
57 silly audit report       severity: 'high',
57 silly audit report       vulnerable_versions: '<=3.0.3',
57 silly audit report       cwe: [Array],
57 silly audit report       cvss: [Object]
57 silly audit report     }
57 silly audit report   ]
57 silly audit report }
58 silly packumentCache corgi:https://registry.npmjs.org/braces cache-miss
59 http fetch GET 200 https://registry.npmjs.org/base64-arraybuffer/-/base64-arraybuffer-1.0.2.tgz 201ms (cache miss)
60 http fetch GET 200 https://registry.npmjs.org/braces 353ms (cache miss)
61 silly packumentCache corgi:https://registry.npmjs.org/braces set size:undefined disposed:false
62 silly packumentCache corgi:https://registry.npmjs.org/micromatch cache-miss
63 http fetch GET 200 https://registry.npmjs.org/micromatch 236ms (cache miss)
64 silly packumentCache corgi:https://registry.npmjs.org/micromatch set size:undefined disposed:false
65 silly packumentCache corgi:https://registry.npmjs.org/fast-glob cache-miss
66 http fetch GET 200 https://registry.npmjs.org/fast-glob 203ms (cache miss)
67 silly packumentCache corgi:https://registry.npmjs.org/fast-glob set size:undefined disposed:false
68 http fetch GET 200 https://registry.npmjs.org/utrie/-/utrie-1.0.2.tgz 1200ms (cache miss)
69 silly packumentCache corgi:https://registry.npmjs.org/@next%2feslint-plugin-next cache-miss
70 http fetch GET 200 https://registry.npmjs.org/text-segmentation/-/text-segmentation-1.0.3.tgz 1241ms (cache miss)
71 http fetch GET 200 https://registry.npmjs.org/css-line-break/-/css-line-break-2.1.0.tgz 1490ms (cache miss)
72 http fetch GET 200 https://registry.npmjs.org/@next%2feslint-plugin-next 1153ms (cache miss)
73 silly packumentCache corgi:https://registry.npmjs.org/@next%2feslint-plugin-next set size:undefined disposed:false
74 silly packumentCache corgi:https://registry.npmjs.org/eslint-config-next cache-miss
75 http fetch GET 200 https://registry.npmjs.org/eslint-config-next 384ms (cache miss)
76 silly packumentCache corgi:https://registry.npmjs.org/eslint-config-next set size:undefined disposed:false
77 http fetch GET 200 https://registry.npmjs.org/html2canvas-pro/-/html2canvas-pro-2.5.0.tgz 20268ms (cache miss)
78 silly ADD node_modules/base64-arraybuffer
79 silly ADD node_modules/utrie
80 silly ADD node_modules/text-segmentation
81 silly ADD node_modules/css-line-break
82 silly ADD node_modules/html2canvas-pro
83 verbose cwd C:\Users\Owner\Documents\GitHub\MM-Website
84 verbose os Windows_NT 10.0.26200
85 verbose node v24.16.0
86 verbose npm  v11.13.0
87 notice
87 notice New major version of npm available! 11.13.0 -> 12.2.0
87 notice Changelog: https://github.com/npm/cli/releases/tag/v12.2.0
87 notice To update run: npm install -g npm@12.2.0
87 notice  { force: true, Symbol(proc-log.meta): true }
88 verbose exit 0
89 info ok
